!*******  FEATURES   ******** 
feature@org.eclipse.mylyn_feature=e_3_3_m_2_x,:pserver:anonymous@dev.eclipse.org:/cvsroot/tools,,org.eclipse.mylyn/org.eclipse.mylyn-feature
feature@org.eclipse.mylyn.context_feature=e_3_3_m_2_x,:pserver:anonymous@dev.eclipse.org:/cvsroot/tools,,org.eclipse.mylyn/org.eclipse.mylyn.context-feature
feature@org.eclipse.mylyn.bugzilla_feature=e_3_3_m_2_x,:pserver:anonymous@dev.eclipse.org:/cvsroot/tools,,org.eclipse.mylyn/org.eclipse.mylyn.bugzilla-feature

feature@org.eclipse.mylyn.java_feature=e_3_3_m_2_x,:pserver:anonymous@dev.eclipse.org:/cvsroot/tools,,org.eclipse.mylyn/org.eclipse.mylyn.java-feature
feature@org.eclipse.mylyn.ide_feature=e_3_3_m_2_x,:pserver:anonymous@dev.eclipse.org:/cvsroot/tools,,org.eclipse.mylyn/org.eclipse.mylyn.ide-feature
feature@org.eclipse.mylyn.pde_feature=e_3_3_m_2_x,:pserver:anonymous@dev.eclipse.org:/cvsroot/tools,,org.eclipse.mylyn/org.eclipse.mylyn.pde-feature
feature@org.eclipse.mylyn.trac_feature=R_2_3_M1_prerefactoring,:pserver:anonymous@dev.eclipse.org:/cvsroot/tools,,org.eclipse.mylyn/org.eclipse.mylyn.trac-feature

!******* EXTRAS ***********
feature@org.eclipse.mylyn.jira_feature=R_2_3_M1_prerefactoring,:pserver:anonymous@dev.eclipse.org:/cvsroot/tools,,org.eclipse.mylyn/org.eclipse.mylyn.jira-feature
feature@org.eclipse.mylyn.xplanner_feature=R_2_3_M1_prerefactoring,:pserver:anonymous@dev.eclipse.org:/cvsroot/tools,,org.eclipse.mylyn/sandbox/org.eclipse.mylyn.xplanner-feature
feature@org.eclipse.mylyn.web.tasks_feature=R_2_3_M1_prerefactoring,:pserver:anonymous@dev.eclipse.org:/cvsroot/tools,,org.eclipse.mylyn/org.eclipse.mylyn.web.tasks-feature
feature@org.eclipse.mylyn.monitor_feature=R_2_3_M1_prerefactoring,:pserver:anonymous@dev.eclipse.org:/cvsroot/tools,,org.eclipse.mylyn/org.eclipse.mylyn.monitor-feature

!******* EXPERIMENTAL *******
feature@org.eclipse.mylyn.sandbox.ui_feature=R_2_3_M1_prerefactoring,:pserver:anonymous@dev.eclipse.org:/cvsroot/tools,,org.eclipse.mylyn/sandbox/org.eclipse.mylyn.sandbox.ui-feature
feature@org.eclipse.mylyn.sandbox.dev_feature=R_2_3_M1_prerefactoring,:pserver:anonymous@dev.eclipse.org:/cvsroot/tools,,org.eclipse.mylyn/sandbox/org.eclipse.mylyn.sandbox.dev-feature
feature@org.eclipse.mylyn.trac.wiki_feature=R_2_3_M1_prerefactoring,:pserver:anonymous@dev.eclipse.org:/cvsroot/tools,,org.eclipse.mylyn/sandbox/org.eclipse.mylyn.trac.wiki-feature

!******* OTHER *******
feature@org.eclipse.mylyn.test_feature=R_2_3_M1_prerefactoring,:pserver:anonymous@dev.eclipse.org:/cvsroot/tools,,org.eclipse.mylyn/org.eclipse.mylyn.test-feature


!******* PLUGINS **********
plugin@org.eclipse.mylyn=R_2_3_M1_prerefactoring,:pserver:anonymous@dev.eclipse.org:/cvsroot/tools,,org.eclipse.mylyn/org.eclipse.mylyn
plugin@org.eclipse.mylyn.bugzilla.core=R_2_3_M1_prerefactoring,:pserver:anonymous@dev.eclipse.org:/cvsroot/tools,,org.eclipse.mylyn/org.eclipse.mylyn.bugzilla.core
plugin@org.eclipse.mylyn.bugzilla.ide=e_3_3_m_2_x,:pserver:anonymous@dev.eclipse.org:/cvsroot/tools,,org.eclipse.mylyn/org.eclipse.mylyn.bugzilla.ide
plugin@org.eclipse.mylyn.bugzilla.ui=R_2_3_M1_prerefactoring,:pserver:anonymous@dev.eclipse.org:/cvsroot/tools,,org.eclipse.mylyn/org.eclipse.mylyn.bugzilla.ui
plugin@org.eclipse.mylyn.compatibility=R_2_3_M1_prerefactoring,:pserver:anonymous@dev.eclipse.org:/cvsroot/tools,,org.eclipse.mylyn/org.eclipse.mylyn.compatibility
plugin@org.eclipse.mylyn.context.core=R_2_3_M1_prerefactoring,:pserver:anonymous@dev.eclipse.org:/cvsroot/tools,,org.eclipse.mylyn/org.eclipse.mylyn.context.core
plugin@org.eclipse.mylyn.context.ui=R_2_3_M1_prerefactoring,:pserver:anonymous@dev.eclipse.org:/cvsroot/tools,,org.eclipse.mylyn/org.eclipse.mylyn.context.ui
plugin@org.eclipse.mylyn.help.ui=R_2_3_M1_prerefactoring,:pserver:anonymous@dev.eclipse.org:/cvsroot/tools,,org.eclipse.mylyn/org.eclipse.mylyn.help.ui
plugin@org.eclipse.mylyn.ide.ui=e_3_3_m_2_x,:pserver:anonymous@dev.eclipse.org:/cvsroot/tools,,org.eclipse.mylyn/org.eclipse.mylyn.ide.ui
plugin@org.eclipse.mylyn.ide.ant=R_2_3_M1_prerefactoring,:pserver:anonymous@dev.eclipse.org:/cvsroot/tools,,org.eclipse.mylyn/org.eclipse.mylyn.ide.ant
plugin@org.eclipse.mylyn.java.ui=R_2_3_M1_prerefactoring,:pserver:anonymous@dev.eclipse.org:/cvsroot/tools,,org.eclipse.mylyn/org.eclipse.mylyn.java.ui
plugin@org.eclipse.mylyn.jira.core=R_2_3_M1_prerefactoring,:pserver:anonymous@dev.eclipse.org:/cvsroot/tools,,org.eclipse.mylyn/org.eclipse.mylyn.jira.core
plugin@org.eclipse.mylyn.jira.ui=R_2_3_M1_prerefactoring,:pserver:anonymous@dev.eclipse.org:/cvsroot/tools,,org.eclipse.mylyn/org.eclipse.mylyn.jira.ui
plugin@org.eclipse.mylyn.monitor.core=R_2_3_M1_prerefactoring,:pserver:anonymous@dev.eclipse.org:/cvsroot/tools,,org.eclipse.mylyn/org.eclipse.mylyn.monitor.core
plugin@org.eclipse.mylyn.monitor.reports=R_2_3_M1_prerefactoring,:pserver:anonymous@dev.eclipse.org:/cvsroot/tools,,org.eclipse.mylyn/sandbox/org.eclipse.mylyn.monitor.reports
plugin@org.eclipse.mylyn.monitor.ui=R_2_3_M1_prerefactoring,:pserver:anonymous@dev.eclipse.org:/cvsroot/tools,,org.eclipse.mylyn/org.eclipse.mylyn.monitor.ui
plugin@org.eclipse.mylyn.monitor.usage=R_2_3_M1_prerefactoring,:pserver:anonymous@dev.eclipse.org:/cvsroot/tools,,org.eclipse.mylyn/org.eclipse.mylyn.monitor.usage
plugin@org.eclipse.mylyn.pde.ui=e_3_3_m_2_x,:pserver:anonymous@dev.eclipse.org:/cvsroot/tools,,org.eclipse.mylyn/org.eclipse.mylyn.pde.ui
plugin@org.eclipse.mylyn.resources.ui=R_2_3_M1_prerefactoring,:pserver:anonymous@dev.eclipse.org:/cvsroot/tools,,org.eclipse.mylyn/org.eclipse.mylyn.resources.ui
plugin@org.eclipse.mylyn.sandbox.ui=R_2_3_M1_prerefactoring,:pserver:anonymous@dev.eclipse.org:/cvsroot/tools,,org.eclipse.mylyn/sandbox/org.eclipse.mylyn.sandbox.ui
plugin@org.eclipse.mylyn.sandbox.dev=R_2_3_M1_prerefactoring,:pserver:anonymous@dev.eclipse.org:/cvsroot/tools,,org.eclipse.mylyn/sandbox/org.eclipse.mylyn.sandbox.dev
plugin@org.eclipse.mylyn.tasks.core=R_2_3_M1_prerefactoring,:pserver:anonymous@dev.eclipse.org:/cvsroot/tools,,org.eclipse.mylyn/org.eclipse.mylyn.tasks.core
plugin@org.eclipse.mylyn.tasks.ui=R_2_3_M1_prerefactoring,:pserver:anonymous@dev.eclipse.org:/cvsroot/tools,,org.eclipse.mylyn/org.eclipse.mylyn.tasks.ui
plugin@org.eclipse.mylyn.team.cvs=R_2_3_M1_prerefactoring,:pserver:anonymous@dev.eclipse.org:/cvsroot/tools,,org.eclipse.mylyn/org.eclipse.mylyn.team.cvs
plugin@org.eclipse.mylyn.team.ui=R_2_3_M1_prerefactoring,:pserver:anonymous@dev.eclipse.org:/cvsroot/tools,,org.eclipse.mylyn/org.eclipse.mylyn.team.ui
plugin@org.eclipse.mylyn.trac.core=R_2_3_M1_prerefactoring,:pserver:anonymous@dev.eclipse.org:/cvsroot/tools,,org.eclipse.mylyn/org.eclipse.mylyn.trac.core
plugin@org.eclipse.mylyn.trac.ui=R_2_3_M1_prerefactoring,:pserver:anonymous@dev.eclipse.org:/cvsroot/tools,,org.eclipse.mylyn/org.eclipse.mylyn.trac.ui
plugin@org.eclipse.mylyn.trac.wiki=R_2_3_M1_prerefactoring,:pserver:anonymous@dev.eclipse.org:/cvsroot/tools,,org.eclipse.mylyn/sandbox/org.eclipse.mylyn.trac.wiki
plugin@org.eclipse.mylyn.web.core=R_2_3_M1_prerefactoring,:pserver:anonymous@dev.eclipse.org:/cvsroot/tools,,org.eclipse.mylyn/org.eclipse.mylyn.web.core
plugin@org.eclipse.mylyn.web.ui=R_2_3_M1_prerefactoring,:pserver:anonymous@dev.eclipse.org:/cvsroot/tools,,org.eclipse.mylyn/org.eclipse.mylyn.web.ui
plugin@org.eclipse.mylyn.web.tasks=R_2_3_M1_prerefactoring,:pserver:anonymous@dev.eclipse.org:/cvsroot/tools,,org.eclipse.mylyn/org.eclipse.mylyn.web.tasks
plugin@org.eclipse.mylyn.web.tasks.core=R_2_3_M1_prerefactoring,:pserver:anonymous@dev.eclipse.org:/cvsroot/tools,,org.eclipse.mylyn/org.eclipse.mylyn.web.tasks.core
plugin@org.eclipse.mylyn.web.tasks.ui=R_2_3_M1_prerefactoring,:pserver:anonymous@dev.eclipse.org:/cvsroot/tools,,org.eclipse.mylyn/org.eclipse.mylyn.web.tasks.ui
plugin@org.eclipse.mylyn.xplanner.core=R_2_3_M1_prerefactoring,:pserver:anonymous@dev.eclipse.org:/cvsroot/tools,,org.eclipse.mylyn/sandbox/org.eclipse.mylyn.xplanner.core
plugin@org.eclipse.mylyn.xplanner.ui=R_2_3_M1_prerefactoring,:pserver:anonymous@dev.eclipse.org:/cvsroot/tools,,org.eclipse.mylyn/sandbox/org.eclipse.mylyn.xplanner.ui

plugin@org.eclipse.mylyn.tests=R_2_3_M1_prerefactoring,:pserver:anonymous@dev.eclipse.org:/cvsroot/tools,,org.eclipse.mylyn/org.eclipse.mylyn.tests
plugin@org.eclipse.mylyn.bugzilla.tests=R_2_3_M1_prerefactoring,:pserver:anonymous@dev.eclipse.org:/cvsroot/tools,,org.eclipse.mylyn/org.eclipse.mylyn.bugzilla.tests
plugin@org.eclipse.mylyn.context.tests=R_2_3_M1_prerefactoring,:pserver:anonymous@dev.eclipse.org:/cvsroot/tools,,org.eclipse.mylyn/org.eclipse.mylyn.context.tests
plugin@org.eclipse.mylyn.ide.tests=R_2_3_M1_prerefactoring,:pserver:anonymous@dev.eclipse.org:/cvsroot/tools,,org.eclipse.mylyn/org.eclipse.mylyn.ide.tests
plugin@org.eclipse.mylyn.java.tests=R_2_3_M1_prerefactoring,:pserver:anonymous@dev.eclipse.org:/cvsroot/tools,,org.eclipse.mylyn/org.eclipse.mylyn.java.tests
plugin@org.eclipse.mylyn.jira.tests=R_2_3_M1_prerefactoring,:pserver:anonymous@dev.eclipse.org:/cvsroot/tools,,org.eclipse.mylyn/org.eclipse.mylyn.jira.tests
plugin@org.eclipse.mylyn.monitor.tests=R_2_3_M1_prerefactoring,:pserver:anonymous@dev.eclipse.org:/cvsroot/tools,,org.eclipse.mylyn/org.eclipse.mylyn.monitor.tests
plugin@org.eclipse.mylyn.resources.tests=R_2_3_M1_prerefactoring,:pserver:anonymous@dev.eclipse.org:/cvsroot/tools,,org.eclipse.mylyn/org.eclipse.mylyn.resources.tests
plugin@org.eclipse.mylyn.sandbox.tests=R_2_3_M1_prerefactoring,:pserver:anonymous@dev.eclipse.org:/cvsroot/tools,,org.eclipse.mylyn/sandbox/org.eclipse.mylyn.sandbox.tests
plugin@org.eclipse.mylyn.tasks.tests=R_2_3_M1_prerefactoring,:pserver:anonymous@dev.eclipse.org:/cvsroot/tools,,org.eclipse.mylyn/org.eclipse.mylyn.tasks.tests
plugin@org.eclipse.mylyn.team.tests=R_2_3_M1_prerefactoring,:pserver:anonymous@dev.eclipse.org:/cvsroot/tools,,org.eclipse.mylyn/org.eclipse.mylyn.team.tests
plugin@org.eclipse.mylyn.trac.tests=R_2_3_M1_prerefactoring,:pserver:anonymous@dev.eclipse.org:/cvsroot/tools,,org.eclipse.mylyn/org.eclipse.mylyn.trac.tests
plugin@org.eclipse.mylyn.xplanner.tests=R_2_3_M1_prerefactoring,:pserver:anonymous@dev.eclipse.org:/cvsroot/tools,,org.eclipse.mylyn/sandbox/org.eclipse.mylyn.xplanner.tests
