!******* PLUGINS **********
plugin@org.eclipse.mylyn.test=HEAD,:pserver:anonymous@dev.eclipse.org:/cvsroot/tools,,org.eclipse.mylyn/org.eclipse.mylyn
plugin@org.eclipse.mylyn.bugzilla.tests=HEAD,:pserver:anonymous@dev.eclipse.org:/cvsroot/tools,,org.eclipse.mylyn/org.eclipse.mylyn.bugzilla.core
plugin@org.eclipse.mylyn.context.tests=HEAD,:pserver:anonymous@dev.eclipse.org:/cvsroot/tools,,org.eclipse.mylyn/org.eclipse.mylyn.context.core
plugin@org.eclipse.mylyn.ide.tests=HEAD,:pserver:anonymous@dev.eclipse.org:/cvsroot/tools,,org.eclipse.mylyn/org.eclipse.mylyn.ide.ant
plugin@org.eclipse.mylyn.java.tests=HEAD,:pserver:anonymous@dev.eclipse.org:/cvsroot/tools,,org.eclipse.mylyn/org.eclipse.mylyn.java.ui
plugin@org.eclipse.mylyn.jira.tests=HEAD,:pserver:anonymous@dev.eclipse.org:/cvsroot/tools,,org.eclipse.mylyn/org.eclipse.mylyn.jira.core
plugin@org.eclipse.mylyn.monitor.tests=HEAD,:pserver:anonymous@dev.eclipse.org:/cvsroot/tools,,org.eclipse.mylyn/org.eclipse.mylyn.monitor.usage
plugin@org.eclipse.mylyn.resources.tests=HEAD,:pserver:anonymous@dev.eclipse.org:/cvsroot/tools,,org.eclipse.mylyn/org.eclipse.mylyn.resources.ui
plugin@org.eclipse.mylyn.sandbox.tests=HEAD,:pserver:anonymous@dev.eclipse.org:/cvsroot/tools,,org.eclipse.mylyn/sandbox/org.eclipse.mylyn.sandbox.ui
plugin@org.eclipse.mylyn.tasks.tests=HEAD,:pserver:anonymous@dev.eclipse.org:/cvsroot/tools,,org.eclipse.mylyn/org.eclipse.mylyn.tasks.core
plugin@org.eclipse.mylyn.trac.tests=HEAD,:pserver:anonymous@dev.eclipse.org:/cvsroot/tools,,org.eclipse.mylyn/org.eclipse.mylyn.trac.core
plugin@org.eclipse.mylyn.xplanner.tests=HEAD,:pserver:anonymous@dev.eclipse.org:/cvsroot/tools,,org.eclipse.mylyn/sandbox/org.eclipse.mylyn.xplanner.core
