!*******  FEATURES   ******** 
feature@org.eclipse.mylyn_feature=v20100608-0100-e3x,:pserver:anonymous@dev.eclipse.org:/cvsroot/tools,,org.eclipse.mylyn/org.eclipse.mylyn-feature
feature@org.eclipse.mylyn.commons=v20100608-0100-e3x,:pserver:anonymous@dev.eclipse.org:/cvsroot/tools,,org.eclipse.mylyn/org.eclipse.mylyn.commons-feature
feature@org.eclipse.mylyn.context_feature=v20100608-0100-e3x,:pserver:anonymous@dev.eclipse.org:/cvsroot/tools,,org.eclipse.mylyn/org.eclipse.mylyn.context-feature
feature@org.eclipse.mylyn.bugzilla_feature=v20100608-0100-e3x,:pserver:anonymous@dev.eclipse.org:/cvsroot/tools,,org.eclipse.mylyn/org.eclipse.mylyn.bugzilla-feature
feature@org.eclipse.mylyn.java_feature=v20100608-0100-e3x,:pserver:anonymous@dev.eclipse.org:/cvsroot/tools,,org.eclipse.mylyn/org.eclipse.mylyn.java-feature
feature@org.eclipse.mylyn.team_feature=v20100608-0100-e3x,:pserver:anonymous@dev.eclipse.org:/cvsroot/tools,,org.eclipse.mylyn/org.eclipse.mylyn.team-feature
feature@org.eclipse.mylyn.ide_feature=v20100608-0100-e3x,:pserver:anonymous@dev.eclipse.org:/cvsroot/tools,,org.eclipse.mylyn/org.eclipse.mylyn.ide-feature
feature@org.eclipse.mylyn.pde_feature=v20100608-0100-e3x,:pserver:anonymous@dev.eclipse.org:/cvsroot/tools,,org.eclipse.mylyn/org.eclipse.mylyn.pde-feature
feature@org.eclipse.mylyn.sdk_feature=v20100608-0100-e3x,:pserver:anonymous@dev.eclipse.org:/cvsroot/tools,,org.eclipse.mylyn/org.eclipse.mylyn.sdk-feature
feature@org.eclipse.mylyn.trac_feature=v20100608-0100-e3x,:pserver:anonymous@dev.eclipse.org:/cvsroot/tools,,org.eclipse.mylyn/org.eclipse.mylyn.trac-feature
feature@org.eclipse.mylyn.wikitext_feature=v20100608-0100-e3x,:pserver:anonymous@dev.eclipse.org:/cvsroot/tools,,org.eclipse.mylyn/org.eclipse.mylyn.wikitext-feature
feature@org.eclipse.mylyn.wikitext.sdk=v20100608-0100-e3x,:pserver:anonymous@dev.eclipse.org:/cvsroot/tools,,org.eclipse.mylyn/org.eclipse.mylyn.wikitext.sdk-feature
feature@org.eclipse.cdt.mylyn=v20100608-0100-e3x,:pserver:anonymous@dev.eclipse.org:/cvsroot/tools,,org.eclipse.mylyn/org.eclipse.mylyn.cdt-feature

!******* INCUBATOR *******
feature@org.eclipse.mylyn.monitor_feature=v20100608-0100-e3x,:pserver:anonymous@dev.eclipse.org:/cvsroot/tools,,org.eclipse.mylyn/org.eclipse.mylyn.monitor-feature
feature@org.eclipse.mylyn.xplanner_feature=v20100608-0100-e3x,:pserver:anonymous@dev.eclipse.org:/cvsroot/tools,,org.eclipse.mylyn/sandbox/org.eclipse.mylyn.xplanner-feature
feature@org.eclipse.mylyn.sandbox.ui_feature=v20100608-0100-e3x,:pserver:anonymous@dev.eclipse.org:/cvsroot/tools,,org.eclipse.mylyn/sandbox/org.eclipse.mylyn.sandbox.ui-feature
feature@org.eclipse.mylyn.sandbox.dev_feature=v20100608-0100-e3x,:pserver:anonymous@dev.eclipse.org:/cvsroot/tools,,org.eclipse.mylyn/sandbox/org.eclipse.mylyn.sandbox.dev-feature
feature@org.eclipse.mylyn.trac.wiki_feature=v20100608-0100-e3x,:pserver:anonymous@dev.eclipse.org:/cvsroot/tools,,org.eclipse.mylyn/sandbox/org.eclipse.mylyn.trac.wiki-feature
feature@org.eclipse.mylyn.experimental_sdk_feature=v20100608-0100-e3x,:pserver:anonymous@dev.eclipse.org:/cvsroot/tools,,org.eclipse.mylyn/sandbox/org.eclipse.mylyn.experimental-sdk-feature
feature@org.eclipse.mylyn.web.tasks_feature=v20100608-0100-e3x,:pserver:anonymous@dev.eclipse.org:/cvsroot/tools,,org.eclipse.mylyn/org.eclipse.mylyn.web.tasks-feature
feature@org.eclipse.mylyn.wikitext.sandbox=v20100608-0100-e3x,:pserver:anonymous@dev.eclipse.org:/cvsroot/tools,,org.eclipse.mylyn/sandbox/org.eclipse.mylyn.wikitext.sandbox-feature

!******* OTHER *******
feature@org.eclipse.mylyn.test_feature=v20100608-0100-e3x,:pserver:anonymous@dev.eclipse.org:/cvsroot/tools,,org.eclipse.mylyn/org.eclipse.mylyn.test-feature
feature@org.eclipse.mylyn.tests.performance_feature=v20100608-0100-e3x,:pserver:anonymous@dev.eclipse.org:/cvsroot/tools,,org.eclipse.mylyn/sandbox/org.eclipse.mylyn.tests.performance-feature


!******* PLUGINS **********
plugin@org.eclipse.mylyn=v20100608-0100-e3x,:pserver:anonymous@dev.eclipse.org:/cvsroot/tools,,org.eclipse.mylyn/org.eclipse.mylyn
plugin@org.eclipse.mylyn.bugzilla.core=v20100608-0100-e3x,:pserver:anonymous@dev.eclipse.org:/cvsroot/tools,,org.eclipse.mylyn/org.eclipse.mylyn.bugzilla.core
plugin@org.eclipse.mylyn.bugzilla.ide=v20100608-0100-e3x,:pserver:anonymous@dev.eclipse.org:/cvsroot/tools,,org.eclipse.mylyn/org.eclipse.mylyn.bugzilla.ide
plugin@org.eclipse.mylyn.bugzilla.ui=v20100608-0100-e3x,:pserver:anonymous@dev.eclipse.org:/cvsroot/tools,,org.eclipse.mylyn/org.eclipse.mylyn.bugzilla.ui
plugin@org.eclipse.cdt.mylyn.ui=v20100608-0100-e3x,:pserver:anonymous@dev.eclipse.org:/cvsroot/tools,,org.eclipse.mylyn/org.eclipse.mylyn.cdt.ui
plugin@org.eclipse.mylyn.commons.core=v20100608-0100-e3x,:pserver:anonymous@dev.eclipse.org:/cvsroot/tools,,org.eclipse.mylyn/org.eclipse.mylyn.commons.core
plugin@org.eclipse.mylyn.commons.net=v20100608-0100-e3x,:pserver:anonymous@dev.eclipse.org:/cvsroot/tools,,org.eclipse.mylyn/org.eclipse.mylyn.commons.net
plugin@org.eclipse.mylyn.commons.soap=v20100608-0100-e3x,:pserver:anonymous@dev.eclipse.org:/cvsroot/tools,,org.eclipse.mylyn/org.eclipse.mylyn.commons.soap
plugin@org.eclipse.mylyn.commons.ui=v20100608-0100-e3x,:pserver:anonymous@dev.eclipse.org:/cvsroot/tools,,org.eclipse.mylyn/org.eclipse.mylyn.commons.ui
plugin@org.eclipse.mylyn.commons.xmlrpc=v20100608-0100-e3x,:pserver:anonymous@dev.eclipse.org:/cvsroot/tools,,org.eclipse.mylyn/org.eclipse.mylyn.commons.xmlrpc
plugin@org.eclipse.mylyn.context.core=v20100608-0100-e3x,:pserver:anonymous@dev.eclipse.org:/cvsroot/tools,,org.eclipse.mylyn/org.eclipse.mylyn.context.core
plugin@org.eclipse.mylyn.context.ui=v20100608-0100-e3x,:pserver:anonymous@dev.eclipse.org:/cvsroot/tools,,org.eclipse.mylyn/org.eclipse.mylyn.context.ui
plugin@org.eclipse.mylyn.discovery.core=v20100608-0100-e3x,:pserver:anonymous@dev.eclipse.org:/cvsroot/tools,,org.eclipse.mylyn/org.eclipse.mylyn.discovery.core
plugin@org.eclipse.mylyn.discovery.ui=v20100608-0100-e3x,:pserver:anonymous@dev.eclipse.org:/cvsroot/tools,,org.eclipse.mylyn/org.eclipse.mylyn.discovery.ui
plugin@org.eclipse.mylyn.help.ui=v20100608-0100-e3x,:pserver:anonymous@dev.eclipse.org:/cvsroot/tools,,org.eclipse.mylyn/org.eclipse.mylyn.help.ui
plugin@org.eclipse.mylyn.ide.ant=v20100608-0100-e3x,:pserver:anonymous@dev.eclipse.org:/cvsroot/tools,,org.eclipse.mylyn/org.eclipse.mylyn.ide.ant
plugin@org.eclipse.mylyn.ide.capabilities=v20100608-0100-e3x,:pserver:anonymous@dev.eclipse.org:/cvsroot/tools,,org.eclipse.mylyn/org.eclipse.mylyn.ide.capabilities
plugin@org.eclipse.mylyn.ide.dev=v20100608-0100-e3x,:pserver:anonymous@dev.eclipse.org:/cvsroot/tools,,org.eclipse.mylyn/sandbox/org.eclipse.mylyn.ide.dev
plugin@org.eclipse.mylyn.ide.ui=v20100608-0100-e3x,:pserver:anonymous@dev.eclipse.org:/cvsroot/tools,,org.eclipse.mylyn/org.eclipse.mylyn.ide.ui
plugin@org.eclipse.mylyn.java.tasks=v20100608-0100-e3x,:pserver:anonymous@dev.eclipse.org:/cvsroot/tools,,org.eclipse.mylyn/org.eclipse.mylyn.java.tasks
plugin@org.eclipse.mylyn.java.ui=v20100608-0100-e3x,:pserver:anonymous@dev.eclipse.org:/cvsroot/tools,,org.eclipse.mylyn/org.eclipse.mylyn.java.ui
plugin@org.eclipse.mylyn.monitor.core=v20100608-0100-e3x,:pserver:anonymous@dev.eclipse.org:/cvsroot/tools,,org.eclipse.mylyn/org.eclipse.mylyn.monitor.core
plugin@org.eclipse.mylyn.monitor.reports=v20100608-0100-e3x,:pserver:anonymous@dev.eclipse.org:/cvsroot/tools,,org.eclipse.mylyn/sandbox/org.eclipse.mylyn.monitor.reports
plugin@org.eclipse.mylyn.monitor.ui=v20100608-0100-e3x,:pserver:anonymous@dev.eclipse.org:/cvsroot/tools,,org.eclipse.mylyn/org.eclipse.mylyn.monitor.ui
plugin@org.eclipse.mylyn.monitor.usage=v20100608-0100-e3x,:pserver:anonymous@dev.eclipse.org:/cvsroot/tools,,org.eclipse.mylyn/org.eclipse.mylyn.monitor.usage
plugin@org.eclipse.mylyn.oslc.core=v20100608-0100-e3x,:pserver:anonymous@dev.eclipse.org:/cvsroot/tools,,org.eclipse.mylyn/org.eclipse.mylyn.oslc.core
plugin@org.eclipse.mylyn.oslc.ui=v20100608-0100-e3x,:pserver:anonymous@dev.eclipse.org:/cvsroot/tools,,org.eclipse.mylyn/org.eclipse.mylyn.oslc.ui
plugin@org.eclipse.mylyn.pde.ui=v20100608-0100-e3x,:pserver:anonymous@dev.eclipse.org:/cvsroot/tools,,org.eclipse.mylyn/org.eclipse.mylyn.pde.ui
plugin@org.eclipse.mylyn.resources.ui=v20100608-0100-e3x,:pserver:anonymous@dev.eclipse.org:/cvsroot/tools,,org.eclipse.mylyn/org.eclipse.mylyn.resources.ui
plugin@org.eclipse.mylyn.sandbox.ui=v20100608-0100-e3x,:pserver:anonymous@dev.eclipse.org:/cvsroot/tools,,org.eclipse.mylyn/sandbox/org.eclipse.mylyn.sandbox.ui
plugin@org.eclipse.mylyn.sandbox.dev=v20100608-0100-e3x,:pserver:anonymous@dev.eclipse.org:/cvsroot/tools,,org.eclipse.mylyn/sandbox/org.eclipse.mylyn.sandbox.dev
plugin@org.eclipse.mylyn.tasks.bugs=v20100608-0100-e3x,:pserver:anonymous@dev.eclipse.org:/cvsroot/tools,,org.eclipse.mylyn/org.eclipse.mylyn.tasks.bugs
plugin@org.eclipse.mylyn.tasks.core=v20100608-0100-e3x,:pserver:anonymous@dev.eclipse.org:/cvsroot/tools,,org.eclipse.mylyn/org.eclipse.mylyn.tasks.core
plugin@org.eclipse.mylyn.tasks.ui=v20100608-0100-e3x,:pserver:anonymous@dev.eclipse.org:/cvsroot/tools,,org.eclipse.mylyn/org.eclipse.mylyn.tasks.ui
plugin@org.eclipse.mylyn.tasks.search=v20100608-0100-e3x,:pserver:anonymous@dev.eclipse.org:/cvsroot/tools,,org.eclipse.mylyn/org.eclipse.mylyn.tasks.search
plugin@org.eclipse.mylyn.team.cvs=v20100608-0100-e3x,:pserver:anonymous@dev.eclipse.org:/cvsroot/tools,,org.eclipse.mylyn/org.eclipse.mylyn.team.cvs
plugin@org.eclipse.mylyn.team.ui=v20100608-0100-e3x,:pserver:anonymous@dev.eclipse.org:/cvsroot/tools,,org.eclipse.mylyn/org.eclipse.mylyn.team.ui
plugin@org.eclipse.mylyn.trac.core=v20100608-0100-e3x,:pserver:anonymous@dev.eclipse.org:/cvsroot/tools,,org.eclipse.mylyn/org.eclipse.mylyn.trac.core
plugin@org.eclipse.mylyn.trac.ui=v20100608-0100-e3x,:pserver:anonymous@dev.eclipse.org:/cvsroot/tools,,org.eclipse.mylyn/org.eclipse.mylyn.trac.ui
plugin@org.eclipse.mylyn.trac.wiki=v20100608-0100-e3x,:pserver:anonymous@dev.eclipse.org:/cvsroot/tools,,org.eclipse.mylyn/sandbox/org.eclipse.mylyn.trac.wiki
plugin@org.eclipse.mylyn.web.tasks=v20100608-0100-e3x,:pserver:anonymous@dev.eclipse.org:/cvsroot/tools,,org.eclipse.mylyn/org.eclipse.mylyn.web.tasks
plugin@org.eclipse.mylyn.wikitext.confluence.core=v20100608-0100-e3x,:pserver:anonymous@dev.eclipse.org:/cvsroot/tools,,org.eclipse.mylyn/org.eclipse.mylyn.wikitext.confluence.core
plugin@org.eclipse.mylyn.wikitext.confluence.ui=v20100608-0100-e3x,:pserver:anonymous@dev.eclipse.org:/cvsroot/tools,,org.eclipse.mylyn/org.eclipse.mylyn.wikitext.confluence.ui
plugin@org.eclipse.mylyn.wikitext.core=v20100608-0100-e3x,:pserver:anonymous@dev.eclipse.org:/cvsroot/tools,,org.eclipse.mylyn/org.eclipse.mylyn.wikitext.core
plugin@org.eclipse.mylyn.wikitext.help.ui=v20100608-0100-e3x,:pserver:anonymous@dev.eclipse.org:/cvsroot/tools,,org.eclipse.mylyn/org.eclipse.mylyn.wikitext.help.ui
plugin@org.eclipse.mylyn.wikitext.help.sdk=v20100608-0100-e3x,:pserver:anonymous@dev.eclipse.org:/cvsroot/tools,,org.eclipse.mylyn/org.eclipse.mylyn.wikitext.help.sdk
plugin@org.eclipse.mylyn.wikitext.mediawiki.core=v20100608-0100-e3x,:pserver:anonymous@dev.eclipse.org:/cvsroot/tools,,org.eclipse.mylyn/org.eclipse.mylyn.wikitext.mediawiki.core
plugin@org.eclipse.mylyn.wikitext.mediawiki.ui=v20100608-0100-e3x,:pserver:anonymous@dev.eclipse.org:/cvsroot/tools,,org.eclipse.mylyn/org.eclipse.mylyn.wikitext.mediawiki.ui
plugin@org.eclipse.mylyn.wikitext.tasks.ui=v20100608-0100-e3x,:pserver:anonymous@dev.eclipse.org:/cvsroot/tools,,org.eclipse.mylyn/org.eclipse.mylyn.wikitext.tasks.ui
plugin@org.eclipse.mylyn.wikitext.textile.core=v20100608-0100-e3x,:pserver:anonymous@dev.eclipse.org:/cvsroot/tools,,org.eclipse.mylyn/org.eclipse.mylyn.wikitext.textile.core
plugin@org.eclipse.mylyn.wikitext.textile.ui=v20100608-0100-e3x,:pserver:anonymous@dev.eclipse.org:/cvsroot/tools,,org.eclipse.mylyn/org.eclipse.mylyn.wikitext.textile.ui
plugin@org.eclipse.mylyn.wikitext.tracwiki.core=v20100608-0100-e3x,:pserver:anonymous@dev.eclipse.org:/cvsroot/tools,,org.eclipse.mylyn/org.eclipse.mylyn.wikitext.tracwiki.core
plugin@org.eclipse.mylyn.wikitext.tracwiki.ui=v20100608-0100-e3x,:pserver:anonymous@dev.eclipse.org:/cvsroot/tools,,org.eclipse.mylyn/org.eclipse.mylyn.wikitext.tracwiki.ui
plugin@org.eclipse.mylyn.wikitext.twiki.core=v20100608-0100-e3x,:pserver:anonymous@dev.eclipse.org:/cvsroot/tools,,org.eclipse.mylyn/org.eclipse.mylyn.wikitext.twiki.core
plugin@org.eclipse.mylyn.wikitext.twiki.ui=v20100608-0100-e3x,:pserver:anonymous@dev.eclipse.org:/cvsroot/tools,,org.eclipse.mylyn/org.eclipse.mylyn.wikitext.twiki.ui
plugin@org.eclipse.mylyn.wikitext.ui=v20100608-0100-e3x,:pserver:anonymous@dev.eclipse.org:/cvsroot/tools,,org.eclipse.mylyn/org.eclipse.mylyn.wikitext.ui
plugin@org.eclipse.mylyn.xplanner.core=v20100608-0100-e3x,:pserver:anonymous@dev.eclipse.org:/cvsroot/tools,,org.eclipse.mylyn/sandbox/org.eclipse.mylyn.xplanner.core
plugin@org.eclipse.mylyn.xplanner.ui=v20100608-0100-e3x,:pserver:anonymous@dev.eclipse.org:/cvsroot/tools,,org.eclipse.mylyn/sandbox/org.eclipse.mylyn.xplanner.ui
plugin@org.eclipse.mylyn.wikitext.sandbox.ui=v20100608-0100-e3x,:pserver:anonymous@dev.eclipse.org:/cvsroot/tools,,org.eclipse.mylyn/sandbox/org.eclipse.mylyn.wikitext.sandbox.ui

plugin@org.eclipse.mylyn.bugzilla.tests=v20100608-0100-e3x,:pserver:anonymous@dev.eclipse.org:/cvsroot/tools,,org.eclipse.mylyn/org.eclipse.mylyn.bugzilla.tests
plugin@org.eclipse.mylyn.commons.tests=v20100608-0100-e3x,:pserver:anonymous@dev.eclipse.org:/cvsroot/tools,,org.eclipse.mylyn/org.eclipse.mylyn.commons.tests
plugin@org.eclipse.mylyn.context.tests=v20100608-0100-e3x,:pserver:anonymous@dev.eclipse.org:/cvsroot/tools,,org.eclipse.mylyn/org.eclipse.mylyn.context.tests
plugin@org.eclipse.mylyn.discovery.tests=v20100608-0100-e3x,:pserver:anonymous@dev.eclipse.org:/cvsroot/tools,,org.eclipse.mylyn/org.eclipse.mylyn.discovery.tests
plugin@org.eclipse.mylyn.ide.tests=v20100608-0100-e3x,:pserver:anonymous@dev.eclipse.org:/cvsroot/tools,,org.eclipse.mylyn/org.eclipse.mylyn.ide.tests
plugin@org.eclipse.mylyn.java.tests=v20100608-0100-e3x,:pserver:anonymous@dev.eclipse.org:/cvsroot/tools,,org.eclipse.mylyn/org.eclipse.mylyn.java.tests
plugin@org.eclipse.mylyn.monitor.tests=v20100608-0100-e3x,:pserver:anonymous@dev.eclipse.org:/cvsroot/tools,,org.eclipse.mylyn/org.eclipse.mylyn.monitor.tests
plugin@org.eclipse.mylyn.oslc.tests=v20100608-0100-e3x,:pserver:anonymous@dev.eclipse.org:/cvsroot/tools,,org.eclipse.mylyn/org.eclipse.mylyn.oslc.tests
plugin@org.eclipse.mylyn.resources.tests=v20100608-0100-e3x,:pserver:anonymous@dev.eclipse.org:/cvsroot/tools,,org.eclipse.mylyn/org.eclipse.mylyn.resources.tests
plugin@org.eclipse.mylyn.sandbox.tests=v20100608-0100-e3x,:pserver:anonymous@dev.eclipse.org:/cvsroot/tools,,org.eclipse.mylyn/sandbox/org.eclipse.mylyn.sandbox.tests
plugin@org.eclipse.mylyn.tasks.tests=v20100608-0100-e3x,:pserver:anonymous@dev.eclipse.org:/cvsroot/tools,,org.eclipse.mylyn/org.eclipse.mylyn.tasks.tests
plugin@org.eclipse.mylyn.team.tests=v20100608-0100-e3x,:pserver:anonymous@dev.eclipse.org:/cvsroot/tools,,org.eclipse.mylyn/org.eclipse.mylyn.team.tests
plugin@org.eclipse.mylyn.tests=v20100608-0100-e3x,:pserver:anonymous@dev.eclipse.org:/cvsroot/tools,,org.eclipse.mylyn/org.eclipse.mylyn.tests
plugin@org.eclipse.mylyn.tests.performance=v20100608-0100-e3x,:pserver:anonymous@dev.eclipse.org:/cvsroot/tools,,org.eclipse.mylyn/org.eclipse.mylyn.tests.performance
plugin@org.eclipse.mylyn.tests.util=v20100608-0100-e3x,:pserver:anonymous@dev.eclipse.org:/cvsroot/tools,,org.eclipse.mylyn/org.eclipse.mylyn.tests.util
plugin@org.eclipse.mylyn.tests.ui=v20100608-0100-e3x,:pserver:anonymous@dev.eclipse.org:/cvsroot/tools,,org.eclipse.mylyn/org.eclipse.mylyn.tests.ui
plugin@org.eclipse.mylyn.trac.tests=v20100608-0100-e3x,:pserver:anonymous@dev.eclipse.org:/cvsroot/tools,,org.eclipse.mylyn/org.eclipse.mylyn.trac.tests
plugin@org.eclipse.mylyn.wikitext.tests=v20100608-0100-e3x,:pserver:anonymous@dev.eclipse.org:/cvsroot/tools,,org.eclipse.mylyn/org.eclipse.mylyn.wikitext.tests
plugin@org.eclipse.mylyn.xplanner.tests=v20100608-0100-e3x,:pserver:anonymous@dev.eclipse.org:/cvsroot/tools,,org.eclipse.mylyn/sandbox/org.eclipse.mylyn.xplanner.tests